${PROMPT}bash: line 1: : command not found
${PROMPT}${PROMPT}Linux
${PROMPT}${PROMPT}bash: line 1: : command not found
${PROMPT}